// Jest Snapshot v1, https://goo.gl/fbAQLP

exports[`UserCard renders correcly 1`] = `
<a
  className="test-class"
  href="/1"
  onClick={[Function]}
>
  <div
    className="user-card"
  >
    <span>
      user
    </span>
    <div
      className="user-card__post-count"
    >
      1
    </div>
  </div>
</a>
`;
